---
source: tests/test.rs
expression: to_obj(sphere)
extension: obj
snapshot_kind: binary
---
