---
source: tests/test.rs
assertion_line: 16
expression: to_obj(sphere)
extension: obj
snapshot_kind: binary
---
